FAILED .mlflow.repo/tests/tracking/test_rest_tracking.py::test_get_metric_history_respects_max_results[sqlalchemy] - AssertionError: assert '0' == 0
FAILED .mlflow.repo/tests/tracking/test_rest_tracking.py::test_get_metric_history_with_page_token[sqlalchemy] - AssertionError: assert '0' == 0
